{('coin', 'numLocations=6,includeDoors=1,numDistractorItems=0', 2): (['open door to west', 'move south', 'open door to west', 'move west', 'move east', 'open door to east', 'move north', 'close door to west', 'move east', 'open door to south', 'move south', 'take coin'], {'2586455636535920941', '8657776161387303120', '5077128907292290076', '2776827730769445620', '8072661938886206770', '2202969582866211253', '1141684258706979480', '4582279808949384915', '1309847154066831172', '9115984389012320412', '6233306173979075986', '3109095658215166547', '7741356493555517856'}), ('mapreader', 'numLocations=8,maxDistanceApart=4,includeDoors=0,maxDistractorItemsPerLocation=0', 3): (['move north', 'take coin', 'move south', 'put coin in box'], {'6208734424417356221', '2840585449518846690', '5627575060534321456', '2278313318470398853', '5012394794012663310', '3657721748936283542', '5291368647383941123', '7762456534228870966', '9092374138114382173', '2900415936105239112', '7974385339077285693'}), ('coin', 'numLocations=6,includeDoors=1,numDistractorItems=0', 4): (['move west', 'open door to west', 'move west', 'move east', 'close door to west', 'move east', 'open door to east', 'move east', 'move west', 'move west', 'open door to west', 'move east', 'close door to east', 'move west', 'move west', 'close door to east', 'open door to south', 'move south', 'close door to north', 'take coin'], {'1563162364574651636', '2536211288397437433', '7712193849983072524', '4873396383995197142', '7473396727159484386', '5598137737641270894', '8468314687648812529', '5147122155218275093', '8636986141711860035', '5978650820519244428', '4249627454250543069', '5488473673741166549', '2549093054019995191', '4036266099212364484', '3520048278819225928', '7903648252010085583', '7916247461916876749', '7906336961559608891', '5694225012063473717', '5874380499501738740', '5437145438912035131', '7839932803816291190', '5076055029651545842'}), ('mapreader', 'numLocations=5,maxDistanceApart=3,includeDoors=0,maxDistractorItemsPerLocation=0', 4): (['put map in box', 'move south', 'move east', 'take coin', 'move west', 'move north', 'take map', 'put coin in box'], {'2965008463764830233', '3238711363733626588', '5747623052329200142', '443388691902343506', '547014505498516109', '4848144088839052674', '3414087963800175533', '4673096140906898263', '5534583521146078797', '995788656715082651', '7776826699934745131', '7378602408844768514', '7116966484602659774', '7394175437046721655', '5599425678773508099'}), ('coin', 'numLocations=10,includeDoors=1,numDistractorItems=0', 3): (['move east', 'open door to south', 'open door to east', 'move west', 'open door to south', 'move south', 'move north', 'open door to north', 'close door to south', 'close door to north', 'move east', 'move south', 'move north', 'open door to north', 'move south', 'close door to north', 'take coin'], {'8925781481976834312', '8985604160466409253', '8647495801306601875', '2459118112037329470', '2252408537045682646', '5429954174502630883', '9184892221812232278', '870701501339790032', '5882272239261824746', '6023016067470922909', '2029492058130994078', '416482807577466713', '6549867118604393725', '8110933157568835360', '5497958564140131425', '8784566538220186223', '760109494005608227', '2329768032626456320'}), ('mapreader', 'numLocations=11,maxDistanceApart=5,includeDoors=0,maxDistractorItemsPerLocation=0', 2): (['put map in box', 'move south', 'move east', 'move south', 'take coin', 'move north', 'move west', 'move north', 'take map', 'put coin in box'], {'6396046590758714342', '3468692893596660256', '5181841329337453213', '3781535739787571704', '363776388810517353', '9047387626297389087', '3426529649000328567', '8815698033526728240', '3655458847878646683', '3846940293979171120', '3356117848406750026', '8242750742064202884', '7810418987331473006', '7583012051713317291', '5307716266595915990', '3442478404124674415', '5192406498804226507', '7394452822487111686', '4352884037465458480', '4290918192786637176', '2335459758643825952', '2666040169438051244', '2863398517567496924', '5518717345291301750', '4467196495535347962', '5246161896569605335', '6081428046832638433', '6139301777955098305'}), ('coin', 'numLocations=5,includeDoors=1,numDistractorItems=0', 1): (['open door to west', 'open door to south', 'close door to west', 'move south', 'move north', 'open door to west', 'close door to south', 'move west', 'close door to east', 'open door to north', 'move north', 'close door to south', 'open door to north', 'move north', 'move south', 'open door to south', 'close door to north', 'move south', 'open door to east', 'move east', 'close door to west', 'open door to south', 'open door to west', 'move west', 'close door to east', 'take coin'], {'7840366121632848776', '8851333981317347691', '5481645546130699923', '5389839544370146895', '4217935318454807278', '4892531284877061233', '5998394829157766748', '113880296713578619', '3702100157088919089', '7140936819516099107', '7329236703101074720', '7078283936904364834', '333490221292675060', '2283814356552308892', '7938545241281982424', '2091434847216547580', '3609671248114085467', '1623413999078439006', '3447556117120536113', '1580649781217725284', '164215212231478506', '6079269682690095184', '3561220887727964373', '6781125756537994120', '3951321217842606414', '6851496181058174427', '6453333275557215365', '4564327334273947663', '6352938106525118035', '8157856988320670470', '1735475464157150267', '8150076366309729669'}), ('coin', 'numLocations=7,includeDoors=1,numDistractorItems=0', 3): (['open door to west', 'open door to east', 'close door to west', 'move east', 'take coin'], {'8724161856204698394', '5404887995195605648', '7106552524351651316', '8175254086992094860', '8969253101153659873', '1445226758200096324'}), ('coin', 'numLocations=7,includeDoors=1,numDistractorItems=0', 1): (['open door to west', 'open door to east', 'close door to west', 'open door to south', 'close door to east', 'move south', 'move north', 'close door to south', 'open door to east', 'open door to west', 'move east', 'close door to west', 'open door to south', 'open door to east', 'move south', 'move north', 'close door to south', 'close door to east', 'open door to west', 'open door to east', 'move east', 'open door to east', 'move east', 'close door to west', 'take coin'], {'1813977158818292198', '5583581363455555330', '5603539148943115530', '3466039633467468673', '8590060190724822484', '3303046386492256209', '8534598962957089432', '8278259837186697390', '2171195774651211665', '129625895882063694', '5860032592949778171', '6720114916317139470', '1135322102056196905', '105298836271434651', '9150871540445843349', '2336219411370922783', '1878285123064631465', '9082108044614438494', '786180501610524912', '3073586655631318158', '2655222678313874019', '1284087864312881774', '2938493385299479932', '6596219489457385738', '4018514625166792552', '9035377230689064519'}), ('mapreader', 'numLocations=8,maxDistanceApart=4,includeDoors=0,maxDistractorItemsPerLocation=0', 1): (['move north', 'move north', 'take coin', 'move south', 'move south', 'put coin in box'], {'7955857781098764885', '3520443083568273438', '698743883379138719', '9035004766647782051', '8562346048110907381', '2818137547002506350', '2300390463139896192', '5895453716093822067', '4575264358263059106', '2654479043766249433', '5265468972362413253'}), ('mapreader', 'numLocations=11,maxDistanceApart=5,includeDoors=0,maxDistractorItemsPerLocation=0', 1): (['put map in box', 'move south', 'move east', 'move north', 'move north', 'take coin', 'move south', 'move east', 'move south', 'move west', 'move west', 'move north', 'put coin in box'], {'3650943832602972514', '151658521939631722', '8515956654747878962', '8408497124764085484', '6290733456458148785', '6203804937177222683', '3298244697333463544', '1799564689050669230', '7203864386277642028', '4727373302907562591', '6578809239208793413', '80973395005310866', '61233055463333064', '3005764361332488848', '5749796608237222669', '7631480467593353102', '2391029394694213995', '4875378159852775515', '7406911629083464131', '5594035162934782007'}), ('coin', 'numLocations=5,includeDoors=1,numDistractorItems=0', 0): (['open door to south', 'move west', 'open door to west', 'move east', 'close door to south', 'move west', 'move west', 'move east', 'close door to west', 'move east', 'open door to south', 'open door to north', 'close door to south', 'move north', 'move south', 'close door to north', 'move west', 'open door to west', 'move east', 'open door to south', 'take coin'], {'1925798102159466931', '4083270600541282711', '5095223991365114507', '545289667275045926', '2920429755680644978', '8233152276948599743', '1117871110061422378', '8770046077523733860', '485040174777515363', '7752380341698033827', '6655982133432072625', '8133330971896228949', '8963077705180948582', '3249236291588214468', '5552154922870489354', '2516563796218684120', '6427366040571378623', '8800721083197243480', '3816751025289885033', '4450224214104333543', '7983908315928633880', '1592143919886688756', '7123656960488073237', '8684405367807721330', '980570304238816303', '2677137629335140214'}), ('mapreader', 'numLocations=11,maxDistanceApart=5,includeDoors=0,maxDistractorItemsPerLocation=0', 0): (['put map in box', 'move north', 'move east', 'move north', 'move east', 'take coin', 'move west', 'move south', 'move west', 'move south', 'put coin in box'], {'2195340934917942193', '4332408267091441723', '9082955272841211563', '4251561956824263826', '219835089746634443', '8614677683673505960', '340768920267239449', '8656714633969279235', '8526144863250170231', '1438904299906728031', '6821676220897427723', '9043492700548742541', '5517060085829861882', '6659556477628391932', '8846129839161144991'}), ('mapreader', 'numLocations=5,maxDistanceApart=3,includeDoors=0,maxDistractorItemsPerLocation=0', 2): (['put map in box', 'move east', 'move south', 'take coin', 'move north', 'move west', 'put coin in box'], {'2226750544973865832', '4493673259475312309', '2897644906301842216', '2445564244142130226', '7102825634114360212', '1802871359280789253', '297781355585197295', '1018122779180782647', '6336061939079685627', '3564110435760299339'}), ('mapreader', 'numLocations=15,maxDistanceApart=8,includeDoors=0,maxDistractorItemsPerLocation=0', 1): (['put map in box', 'move south', 'move east', 'move east', 'move east', 'move north', 'move west', 'move north', 'move north', 'move west', 'move south', 'take coin', 'move north', 'move east', 'move south', 'move south', 'move east', 'move south', 'move west', 'move west', 'move west', 'move north', 'put coin in box'], {'5211633261363764529', '2376628918559811838', '4531889542971284245', '7736600214237121562', '1279482158815407438', '5106533373482565218', '6630643375647096563', '5104343787523431525', '697339514615816202', '392328492660164889', '7343046071855768559', '813337303240381307', '1012340304962215441', '156442284713071850', '984550666877189532', '1084989808955395410', '3260136875269052257', '7374954482965657201', '1372133580998842841', '3895711067114584026', '5627530274520485745', '5658198186457058250', '964188183821244801', '8102669911967814708', '5032618234729585444', '2012030204372274026', '8026823959054262553', '6199958224129522607', '1024853022418692492'}), ('mapreader', 'numLocations=11,maxDistanceApart=5,includeDoors=0,maxDistractorItemsPerLocation=0', 4): (['put map in box', 'move east', 'move south', 'move south', 'move south', 'move east', 'take coin', 'move west', 'move north', 'move east', 'move north', 'move west', 'move north', 'move west', 'take map', 'put coin in box'], {'193687068916193699', '638118506028930253', '8439435076672980817', '212599918589561178', '7684986089495907371', '3984509253017390596', '2800410545897903004', '2640183039255651458', '3084833071643889290', '2325640757823652968', '1077847098369510204', '2576628823632539510', '8005044229876885329', '9168725432190784404', '4296387886684567894', '290221234183795166', '4568095342687402047', '6100546169427956199', '6688267249530747625', '6990092294330601791', '7694369149765403622', '4827522367074608361', '1624437210852695917', '8786186102400128201', '2052513965771747406', '8676639811497650040', '1406246410634689071', '1585550751401491022', '7187469175381069270', '7377480348671821891'}), ('mapreader', 'numLocations=8,maxDistanceApart=4,includeDoors=0,maxDistractorItemsPerLocation=0', 4): (['put map in box', 'move north', 'move north', 'take coin', 'move south', 'move south', 'take map', 'put coin in box'], {'6220884125696736276', '7348220499018599783', '7821536424165457112', '7251979955985071349', '5268686231535909973', '3350017601492821901', '2631070350129869081', '8754062679252758355', '8379701004595745725', '4541856944411231657', '8688975570213929838', '3802542029623454021', '4586351188912673051', '1631723929700197549', '4322566627172638046', '5456278657366317184', '6512812833620736205', '6858049138363930847', '5242428732507264349', '1724877921692603238', '6330437387040063650'}), ('mapreader', 'numLocations=11,maxDistanceApart=5,includeDoors=0,maxDistractorItemsPerLocation=0', 3): (['move west', 'move west', 'take coin', 'move east', 'move east', 'put map in box', 'put coin in box'], {'32843386248996301', '6760118879401073222', '5790121170323666336', '254405368851644263', '4573104764851766051', '7873990995007954082', '4385547795299249538', '3053829036812436394', '1582903965599590963', '283258660380061568', '869798667628221987', '8999329116136277398', '1870450303387860925', '5100945035763052478', '866618347460149632', '2983469410483413346', '169387173883389945', '2807704358314194131', '1228795544223846163', '763330614606897764', '3947951627410761762', '3458217771120616688', '6742899559353148576', '5132790381113774419'}), ('mapreader', 'numLocations=15,maxDistanceApart=8,includeDoors=0,maxDistractorItemsPerLocation=0', 0): (['move west', 'move west', 'move north', 'move north', 'move east', 'move north', 'move east', 'move south', 'take coin', 'move north', 'move west', 'move south', 'move west', 'move south', 'move south', 'move east', 'move east', 'put map in box', 'take map', 'put coin in box'], {'969485290116062231', '9004503552217107212', '5531682685053666772', '8821655897327102970', '3969999098434308214', '827927684808600648', '885141646392504056', '970918309846500825', '4049779216197382320', '6366289320075234603', '2799473071577967979', '7867861784900442797', '2100199345062843126', '7833968614504281624', '2348189431519113425', '911634385752118147', '7663234041388187815', '6303991051341468917', '8311329349829630052', '6407391791826950527', '2615440711137166363', '6635741583688590813', '2105110619969695918', '1930847835076031571', '318445655029253810', '8012311200898076027', '6026785637580717459', '7754264786595801844', '7864680120686473420', '5350574808542846914', '5231628339986143682', '3768570332332225350', '7664203246607024273', '6959428464350837320', '5975810540870513379', '5656866039447331322', '5436910705743038010', '4919522715521005576', '3235070950422682685', '5940058619557557980', '6483679311820752077', '3769752764058931707'}), ('mapreader', 'numLocations=15,maxDistanceApart=8,includeDoors=0,maxDistractorItemsPerLocation=0', 2): (['put map in box', 'move south', 'move west', 'move north', 'move west', 'move north', 'move north', 'move north', 'take coin', 'move south', 'move south', 'move east', 'move south', 'move west', 'move south', 'move east', 'move east', 'move north', 'take map', 'put coin in box'], {'7138091367188865048', '8470191683047078064', '4347517483631921496', '3600901239272970211', '2237682344006532137', '3772693459634179403', '743955393911728902', '3181562086360125232', '9039744023198510883', '2532604792774809551', '74412142839715489', '2376090714798431788', '4228019823934409412', '506251069488926228', '1953212122125614631', '2108757182704501619', '2421166442468839951', '5340284615370002572', '1292483568362617060', '4336818555134761667', '3187880993262158624', '5771145980441147872', '2009954841543512983', '5873078128060380250', '2947131244389951305', '8485360204276360003', '1899026321396986243', '3599435492528322901', '1922347164326440945', '747523245906190118', '8433782931553256244', '2167953107863207304', '3083779422476788176', '967077954657793458', '7210161322851315558', '6150087212950006764', '8432122457692616202'}), ('mapreader', 'numLocations=8,maxDistanceApart=4,includeDoors=0,maxDistractorItemsPerLocation=0', 2): (['put map in box', 'move east', 'move south', 'take coin', 'move north', 'move west', 'take map', 'put coin in box'], {'5053576855114635379', '7186340297217174516', '7753943538018178002', '7004001674575406030', '3812388707258023870', '8714082983580577165', '3462550955789114633', '4396312024607681016', '8827690401924576386', '3115204180319395792', '262731433900420506', '778232761718093071', '5871231518184718645', '5334436551702741891', '2101525717849924827', '5768372333123251736', '7964666370897455317', '6307563651494234484', '198021161797556127', '5779509980652830157', '2293002559795552131', '1358125965252101180'}), ('coin', 'numLocations=7,includeDoors=1,numDistractorItems=0', 0): (['move west', 'open door to north', 'move east', 'open door to north', 'move north', 'move south', 'move west', 'close door to north', 'open door to south', 'move south', 'close door to north', 'open door to west', 'move west', 'close door to east', 'take coin'], {'2710555847679985096', '6050920123444433495', '1910766114940014448', '5945320336694030064', '3229907004390065930', '6436371718880574326', '5267550565414039395', '1489524271244479499', '6954387277718147543', '1243005342400999200', '3143345616438783048', '4926295546294240867', '235925421069172809', '2478324085405020782', '4959977945131164623', '8177875046778162627', '5060193202145548918'}), ('mapreader', 'numLocations=8,maxDistanceApart=4,includeDoors=0,maxDistractorItemsPerLocation=0', 0): (['move north', 'move north', 'take coin', 'move south', 'move south', 'put map in box', 'put coin in box'], {'7360902161492913835', '6965628449335386299', '1369027890086925956', '2925441830628233707', '7380655735631143635', '4774940442955690918', '3368546518253677987', '1385787190637793400', '607007825263988506', '283321435416122077', '7200757642248625825', '9104625842329046643', '3842637338390189039'}), ('mapreader', 'numLocations=15,maxDistanceApart=8,includeDoors=0,maxDistractorItemsPerLocation=0', 4): (['move east', 'move south', 'move south', 'move east', 'move north', 'take coin', 'move south', 'move west', 'move north', 'move north', 'move west', 'put coin in box'], {'5063058690347100843', '7972033225250125593', '3169976114395513357', '6461047267236439305', '7323819885775313674', '3718248393255533594', '1148647797638790130', '4436873599106413165', '7441703231789286571', '2923765910546253144', '2785574854557254782', '724378826266626036', '3039263945108625973', '8936265007317573764', '4919467989520119505', '5241597179713621807', '7597414773265293011', '5075102621029352121', '1752024422430268350', '36848433578269989', '7600540498849005130', '1751260711578635872'}), ('coin', 'numLocations=10,includeDoors=1,numDistractorItems=0', 1): (['open door to west', 'open door to south', 'close door to west', 'move south', 'move north', 'open door to west', 'close door to south', 'move west', 'move north', 'take coin'], {'6531604270107550711', '5399431111999449080', '4999697483417826871', '1791223996758606408', '518827420968105838', '1118547512398834972', '7166489614367810064', '1583812597970962553', '8658734401061414289', '7895736575424698237', '1424871225918285550', '2549496948111323213', '1214611949107278150'}), ('mapreader', 'numLocations=5,maxDistanceApart=3,includeDoors=0,maxDistractorItemsPerLocation=0', 3): (['put map in box', 'move north', 'move west', 'take coin', 'move south', 'move east', 'put coin in box'], {'3534804650226580036', '7724779375227097791', '3035653154158520626', '5100622517241679369', '5511098983687928705', '29799242559409425', '2903304731066909315', '1948860466081925177', '8174360647110884919', '3452851728980635869', '3338104652733998464'}), ('mapreader', 'numLocations=5,maxDistanceApart=3,includeDoors=0,maxDistractorItemsPerLocation=0', 1): (['move west', 'take coin', 'move east', 'put coin in box'], {'4822647157043620344', '7311549184039489284', '3923815140881465669', '4354383365104397559', '6831875721688174626', '7301579144284342510', '3263246152073513619', '9081151164032257644'}), ('coin', 'numLocations=5,includeDoors=1,numDistractorItems=0', 3): (['open door to west', 'open door to south', 'close door to west', 'move south', 'open door to east', 'move north', 'open door to west', 'move south', 'close door to north', 'move east', 'take coin'], {'249453566920198257', '5808350833824999155', '313243878345470226', '6857823182008056456', '7170804246628967398', '1455680123783426836', '5616303299581023191', '6105920337188136448', '5547838923142795104', '1313380194810578191', '5409313521016815030', '2795430108607075864'}), ('coin', 'numLocations=6,includeDoors=1,numDistractorItems=0', 0): (['move east', 'open door to north', 'move west', 'open door to north', 'open door to south', 'close door to north', 'move east', 'move north', 'close door to south', 'take coin'], {'5643696992648598910', '1353989425094889894', '4375049857362498870', '905334268114710452', '9116191371925328105', '8183245525925622429', '2721453173403460186', '9035151974182196646', '325534045349418603', '6802381039441606409', '1756350467653046980', '111727931834126643'}), ('coin', 'numLocations=7,includeDoors=1,numDistractorItems=0', 2): (['move south', 'open door to south', 'move south', 'move north', 'close door to south', 'move north', 'open door to west', 'move west', 'move east', 'open door to north', 'move east', 'open door to north', 'move west', 'close door to west', 'move south', 'open door to south', 'move north', 'open door to west', 'close door to north', 'move south', 'close door to south', 'move north', 'close door to west', 'move south', 'open door to south', 'move north', 'move east', 'close door to north', 'move west', 'open door to west', 'move east', 'open door to north', 'move north', 'move south', 'move west', 'close door to west', 'open door to north', 'move north', 'move south', 'open door to west', 'move south', 'close door to south', 'move north', 'close door to north', 'move south', 'open door to south', 'move north', 'close door to west', 'move east', 'move north', 'close door to south', 'take coin'], {'8172591172395939037', '6551044093642921748', '2225678218029153256', '8173706963906546003', '2244267321634496614', '2767056256023918230', '6456570095089941492', '6400787755715367569', '6863438893373015515', '4304364067320167453', '7798525528124833397', '5575909298120556642', '8751998517819606609', '240759361051750943', '7002029837022606377', '446069708148762319', '8469190502737947743', '3061457313010419594', '4282620917189744925', '7250763521984482302', '9060987022919520536', '5858859917628657093', '9098842592410414986', '817043003603617161', '4297405376927590763', '1931778497040680147', '7858737259795901795', '2104342891605555706', '7552683335577817226', '5260373678246014603', '3461095179211231004', '8082350174401240677', '1785231981239268519', '3411864036920661450', '5280388287194113562', '696021253334687531', '4160198408526775860', '424180859513833373', '7453281445131853574', '6552946154172906177', '5237640856615850978', '123130894241479709', '1804606779407353578', '8805805840063387371', '1709603240125410059', '4706150103867130684', '4193081405216567977', '3438713713160847129', '5148926115247894273', '261015573775516632', '2591268864060935996', '4729914873602846294', '4052191059652869754', '4650667561888469133', '6733669068560336719', '1973301153249700395', '4695736362576693081', '8871284407339101516', '7606403000460208266', '8441425137150362202', '6290309872087797619', '6936475360319641305', '6349809996542284705', '1011606662513311045', '6823457028047902525', '1864030864738092063', '6233075840628928926', '1468249233911353772', '6583852293549622546', '80102621246374723', '1178063597293407308', '7342499314332090149', '2905406924929283645', '1281203057219804887', '3646638876901803251', '7261353200719836785'}), ('mapreader', 'numLocations=5,maxDistanceApart=3,includeDoors=0,maxDistractorItemsPerLocation=0', 0): (['move west', 'move north', 'take coin', 'move south', 'move east', 'put map in box', 'take map', 'put coin in box'], {'6760946725013381291', '8124098398288934599', '6192086958075453998', '296483452017820127', '4878597192573963320', '1446904190557143923', '1481155452609740949', '5053263717686584828', '3993110345962715057', '1626198231316360355', '6009422220421610623', '7817289426439414607'}), ('coin', 'numLocations=5,includeDoors=1,numDistractorItems=0', 2): (['open door to east', 'take coin'], {'3327961562966631293', '7725085277310925896', '3663654359325209131'}), ('coin', 'numLocations=10,includeDoors=1,numDistractorItems=0', 4): (['open door to east', 'open door to west', 'take coin'], {'1611621057412890540', '7849996161579834707', '4509052392393140066', '3580493117711845351'}), ('coin', 'numLocations=5,includeDoors=1,numDistractorItems=0', 4): (['open door to south', 'move south', 'move north', 'move north', 'open door to west', 'move south', 'open door to east', 'move east', 'move west', 'close door to south', 'move north', 'close door to west', 'move south', 'close door to east', 'move north', 'open door to west', 'move west', 'move east', 'move south', 'open door to south', 'open door to east', 'move north', 'move west', 'take coin'], {'6110060829028620017', '8706261015901435095', '5477420781767656907', '9174934054499018214', '116994845595236170', '5417982985073605877', '4802699482305721492', '7366285411764165153', '5039798701722264744', '2555304362369424509', '4490880410991607107', '1518811561358960316', '1136043971114064616', '4902639128321119489', '230058015679996522', '399568940460307270', '5120949881178794484', '6708149032752607655', '4994494389256418354', '399104899099351840', '7754055666820703871', '1049644055134007797', '3124716611681356265', '3921995689007239241', '6696413970588720767', '9023689419383646776', '5832608788708322165', '194280886301343644'}), ('coin', 'numLocations=10,includeDoors=1,numDistractorItems=0', 2): (['move north', 'open door to west', 'move west', 'take coin'], {'5518979813860774570', '718602374896348491', '4324223770852947421', '4357946120957470095', '6220905860443164791'}), ('mapreader', 'numLocations=15,maxDistanceApart=8,includeDoors=0,maxDistractorItemsPerLocation=0', 3): (['move east', 'move east', 'move south', 'move west', 'move south', 'move east', 'move south', 'move east', 'move south', 'take coin', 'move north', 'move north', 'move west', 'move north', 'move north', 'move west', 'move west', 'put coin in box'], {'1628136351284691994', '6523186786961344658', '627039475406023269', '337556194670370094', '5466589447429297371', '7898126990015831593', '1975592626355762098', '3417976630679560860', '898283986327979646', '3465713432421798564', '1339290168992367712', '4873332534215165801', '1012372654637527184', '7436410688974358279', '7867159334532696320', '5620008032820424041', '4911421197733660481', '8438200732882954433', '5129669070228814738', '819663206536857864', '259835115148217151', '403131949952693770', '3589860539969635775', '296398524366795574', '138023732270812317', '5383424906529327408', '4783772733905471196', '7643410266288259059', '1146383608818077983'}), ('coin', 'numLocations=10,includeDoors=1,numDistractorItems=0', 0): (['move west', 'open door to north', 'open door to south', 'move west', 'move south', 'move east', 'close door to north', 'open door to south', 'move west', 'move north', 'move east', 'open door to south', 'close door to north', 'move west', 'move south', 'move east', 'close door to south', 'move west', 'move north', 'move east', 'move east', 'open door to east', 'move west', 'move west', 'move south', 'move east', 'close door to north', 'open door to south', 'move south', 'move north', 'open door to north', 'close door to south', 'move north', 'open door to north', 'move south', 'open door to south', 'move west', 'move north', 'move east', 'close door to north', 'move east', 'open door to south', 'open door to north', 'move south', 'move north', 'take coin'], {'3693261163811765677', '5015571777591371646', '2283843944142084080', '3187284276759086880', '1106519854345675342', '8466519792790899487', '1614889008638389111', '1084190197813747668', '4628859658858392712', '5715000472285749191', '1152129290756415298', '5281018142511391981', '7729955504249534643', '2453396561896784495', '1635659287889753050', '1912481410190660858', '5395057983280249888', '7338601201169509742', '6244240672755698632', '1082691003525562720', '2350703028989746815', '4684552898754137771', '1969758558225960273', '6045919246084729838', '7712087536214456823', '9175529880104194803', '1835180144533045522', '3230160302693774390', '3171868463102838326', '785045710384757583', '5933940870466734728', '3046087473139674950', '6985294647433597880', '1621292188293735266', '4817750607598858309', '6574084258230316531', '2498499538812713118', '463551194526520600', '5893739511498573798', '9083159465653739037', '2305504411882846342', '2037357510495421520', '2656729171208310713', '1490241038856015290', '3284287353786838917', '6092124505324886442', '6263190423250017490', '1267206957067630606', '511960801990812166', '5978044322030367439'}), ('coin', 'numLocations=7,includeDoors=1,numDistractorItems=0', 4): (['open door to south', 'move south', 'move north', 'close door to south', 'move west', 'open door to south', 'move south', 'move north', 'close door to south', 'open door to west', 'move west', 'take coin'], {'8930965145363578122', '4561277639764806664', '1796347894806839520', '7844343652127314701', '2216979487654288925', '3169074886787346727', '6768706903332635741', '1849353895322237135', '1737297123606769248', '6430201817267814326', '7344906302064668309', '3813541779326046951', '9001432330812698284', '7046142475583137087', '5503792842562185651', '889777055918383142'}), ('coin', 'numLocations=6,includeDoors=1,numDistractorItems=0', 3): (['move east', 'open door to east', 'move west', 'open door to north', 'move east', 'open door to north', 'move north', 'move south', 'move east', 'move west', 'close door to east', 'close door to north', 'open door to east', 'move west', 'move north', 'move south', 'move east', 'open door to north', 'close door to east', 'move north', 'close door to south', 'open door to north', 'move north', 'move south', 'open door to south', 'move south', 'open door to east', 'close door to north', 'close door to east', 'move west', 'close door to north', 'move east', 'open door to north', 'move north', 'move north', 'close door to south', 'take coin'], {'5541237600144691287', '1837926757676912893', '6841193285504081342', '9106179892666257246', '4182950359349511360', '1179970085908428310', '4268907671335163818', '8795349098791847405', '3482861718213968034', '3811656297478584820', '5940286326910762250', '5524961797667140739', '1414423790006192937', '5730806173443308148', '7457987813340997269', '1725439980001069144', '6150827557447342057', '7313225901324027562', '6440302915557168589', '1625049195562929405', '1793328438802722180', '8994210159104526031', '7234959416162955559', '1465666434294690372', '4622706943558863653', '3185911302914619566', '5355846690229117538', '6833970629548838341', '5469634817223348329', '6059091320788921430', '4617348404066411374', '6223784151115386506', '2502823067534835164', '7685789590822101706', '8955978514745593188', '1976246772018611576', '1365189572279625476', '2463782662726148758'}), ('coin', 'numLocations=6,includeDoors=1,numDistractorItems=0', 1): (['open door to west', 'open door to south', 'close door to west', 'move south', 'move north', 'open door to west', 'close door to south', 'move west', 'close door to east', 'open door to north', 'move north', 'close door to south', 'open door to north', 'move north', 'open door to north', 'close door to south', 'move north', 'move south', 'close door to north', 'open door to south', 'open door to north', 'move south', 'close door to north', 'open door to south', 'open door to north', 'move south', 'open door to east', 'move east', 'open door to south', 'move west', 'move north', 'move north', 'close door to south', 'close door to north', 'open door to south', 'move south', 'close door to north', 'move south', 'close door to east', 'take coin'], {'19621031480702257', '2047585918690642077', '7205493576765789141', '8146060266367508465', '8883938033643841733', '1106400209782582528', '3973936630716995008', '6418952502797906301', '7764670040398185553', '5688249543011833772', '5752449791318972435', '1189779910204724811', '338350037646635890', '9140596502240973802', '4028589319965057875', '5753909593051118541', '2976290950003757756', '5587323754043825004', '1052603167256360540', '4488270507863952860', '5397223318070596498', '7548813370937121740', '6579115141981763138', '8050568883218633738', '7059087667183509463', '8394323270479745571', '6422309681629215206', '3792376998939647166', '1246820252657910364', '3251594102665588702', '6549279956614531258', '8908601797348670342', '5885256213050069511', '3589737412148520973', '8876875571946748956', '4208392250415878911', '1044614305724554075', '3455895064900109365', '1971387785865085283', '2252709603340779232', '490858242600636728', '3072109462695825562', '2509832144066566023', '2912338536397805466', '7442023454092564895', '6785918537784942423'})}
