{ ('mapreader', 'numLocations=8,maxDistanceApart=4,includeDoors=0,maxDistractorItemsPerLocation=0', 2): ([ 'move east', 'move south', 'take coin', 'move north', 'move west', 'put coin in box' ], [ '1358125965252101180', '677155480681490509', '6572675763189597532', '7186340297217174516', '5053576855114635379', '5768372333123251736', '6240065752985432301', '2293002559795552131', '2320265917205356562', '6183267299150961539', '5306646691483687438', '6879070853676067963', '1620440061201947695', '5380323824915413489', '5779509980652830157', '6148708150921045319', '7964666370897455317', '198021161797556127', '2101525717849924827' ]), ('mapreader', 'numLocations=11,maxDistanceApart=5,includeDoors=0,maxDistractorItemsPerLocation=0', 4): ([ 'move east', 'move south', 'move east', 'move south', 'move south', 'take coin', 'move north', 'move north', 'move west', 'move north', 'move west', 'put coin in box' ], [ '2325640757823652968', '6705462352864075113', '5053230632212049343', '5662350710635500702', '193687068916193699', '1431261542010921820', '3900632170047744556', '2121026828060737944', '450323075260245412', '8676639811497650040', '1624437210852695917', '4561261164594613914', '3084833071643889290', '11244925143715833', '1615272188488958286', '2140885345155545255', '2576628823632539510', '8439435076672980817', '1491061355128642261', '7865177601121848379', '2620471461396606496', '8598773568789413275', '3381591282995596934', '2772456629043579036', '6667527464298395836', '4904271190368438992', '1585550751401491022', '8005044229876885329', '5161489413953261453', '2719233484483316656', '6489716551914778826', '1077847098369510204', '6688267249530747625', '7684986089495907371', '7694369149765403622', '3984509253017390596', '2052513965771747406', '7377480348671821891', '0000000000000000001' ]), ('coin', 'numLocations=10,includeDoors=1,numDistractorItems=0', 4): ([ 'take coin' ], [ '7849996161579834707', '1611621057412890540', '2421733031457111612', '7869750847425208646', '8546236038776759989' ]), ('coin', 'numLocations=7,includeDoors=1,numDistractorItems=0', 3): ([ 'open door to east', 'move east', 'take coin' ], [ '1445226758200096324', '5404887995195605648', '8175254086992094860', '8724161856204698394', '2022838762523145353', '3050334498204599317', '7106552524351651316' ]), ('mapreader', 'numLocations=8,maxDistanceApart=4,includeDoors=0,maxDistractorItemsPerLocation=0', 1): ([ 'move north', 'move north', 'take coin', 'move south', 'move south', 'put coin in box' ], [ '2300390463139896192', '7955857781098764885', '3520443083568273438', '1436897636203879172', '1748503148065633658', '2654479043766249433', '8180506144040256219', '9035004766647782051', '8562346048110907381', '5670251730925265497', '9110994589277255069', '2464289901443190902', '2818137547002506350', '0000000000000000001', '0000000000000000002', '0000000000000000003' ]), ('mapreader', 'numLocations=15,maxDistanceApart=8,includeDoors=0,maxDistractorItemsPerLocation=0', 1): ([ 'move east', 'move north', 'take coin', 'move south', 'move west', 'put coin in box' ], [ '7374954482965657201', '3046057235091270410', '3406275826053135860', '5211633261363764529', '4531889542971284245', '6631971008978542677', '7736600214237121562', '1388812868198022109', '7043130109347166183', '1331321749192377841', '227631350928480884', '6630643375647096563', '7058326748244673569', '156442284713071850', '1084989808955395410', '1644531820697054065', '0000000000000000001' ]), ('mapreader', 'numLocations=8,maxDistanceApart=4,includeDoors=0,maxDistractorItemsPerLocation=0', 4): ([ 'move north', 'move north', 'take coin', 'move south', 'move south', 'put coin in box' ], [ '6330437387040063650', '4014523661817372109', '5438387367670309690', '3802542029623454021', '4552572119267923149', '4586351188912673051', '2631070350129869081', '5160652938835295823', '3361930102143876202', '1483336528524158034', '1893975232963349225', '5650315074059384212', '6858049138363930847', '5456278657366317184', '7251979955985071349', '8688975570213929838', '0000000000000000001', '0000000000000000002' ]), ('coin', 'numLocations=7,includeDoors=1,numDistractorItems=0', 0): ([ 'move west', 'open door to south', 'move south', 'open door to west', 'move west', 'take coin' ], [ '6436371718880574326', '2478324085405020782', '8567348354045412010', '1003090522012218692', '2851380926716753221', '5060193202145548918', '6121365612638739512', '447653647866717221', '5731734738118298807', '3130055553989292668', '3927072734123608874', '461418084325942944', '5892981943936353920', '7181898993808801729', '9106455474260501763', '5532041441882267210', '141825006998335780', '241952094040529317', '2482055483681868639', '2469547126558956647', '2639963455411308384', '3774831364581040199', '3879769033981192445', '4708945411411951433', '6001619770454696704', '7710491158128592407', '4116731901736000653', '8602907962244206141', '2394041082637327764', '2710555847679985096', '333902417294274196', '8404356667536121442', '8870790118802755702', '2175066756037554813', '3143345616438783048', '429767776305986950', '4466903912084896275', '6684354895463553767', '7547420217926047623', '7770499287965470983', '8823654284649083364', '5156930051120484905', '103801395723468924', '1126404708173809518', '1246872510737923909', '1361861555394444149', '2331009242437155978', '2681558563869011121', '3112217447538956524', '3398938213665242165', '3980874592183052159', '4281385793275578518' ]), ('mapreader', 'numLocations=15,maxDistanceApart=8,includeDoors=0,maxDistractorItemsPerLocation=0', 4): ([ 'move east', 'move south', 'move south', 'move east', 'move north', 'take coin', 'move south', 'move west', 'move north', 'move north', 'move west', 'put coin in box' ], [ '724378826266626036', '3718248393255533594', '1172242707236816796', '6461047267236439305', '2215441480664390900', '5149984107900725349', '4989722234117314404', '5676606589825466905', '471876025454286631', '5063058690347100843', '1148647797638790130', '6856456369213731256', '7323819885775313674', '8288766822345817477', '466727898263273931', '5100588855646476283', '1751260711578635872', '2585240025716309308', '4800538423481141949', '2851954529596257534', '7509221620059763333', '5588786951047506536', '82324354854951090', '461178011940225456', '6754847983108028979', '2654533668341930498', '7300224367469049877', '4919467989520119505', '3779348778442429296', '3340740045828977535', '7972033225250125593', '6760843862136544948', '3039263945108625973', '6304452558307241622', '2923765910546253144', '7441703231789286571', '4163436161962793065', '98885246951250226', '2668857468961209015', '7261886855694551382', '1459559310773271004', '5075102621029352121' ]), ('coin', 'numLocations=6,includeDoors=1,numDistractorItems=0', 4): ([ 'move west', 'open door to west', 'move west', 'open door to south', 'move south', 'take coin' ], [ '4249627454250543069', '5598137737641270894', '7172897285776149034', '3159718884424692154', '5488473673741166549', '6173029464351113031', '6066706871490430232', '8468314687648812529', '3700080675178061037', '7714350827235444571', '8593971765464343125', '257111150184100666', '5890924025219738075', '5970462329300260098', '6380834638974763747', '6603558457328084647', '6987508529043892155', '8130968129264684525', '8278409773259695467', '8588814965095052850', '4804576066994771532', '2455286158837617889', '1786390974040277498', '7140283018986073047', '7208428236862773858', '1246531995175450600', '2549093054019995191', '5302448107788487615', '8390984137239901124', '186112279686960842', '2194144512592957192', '2437326007734152922', '2491713173824278159', '2722175490547317903', '3621603020794358191', '4071081947727354209', '4334111391084174884', '4653405148202643623', '4808519432266631329' ]), ('mapreader', 'numLocations=11,maxDistanceApart=5,includeDoors=0,maxDistractorItemsPerLocation=0', 1): ([ 'move east', 'move north', 'take coin', 'move south', 'move west', 'put coin in box' ], [ '8515956654747878962', '5968628803059075242', '353695269065136310', '4727373302907562591', '3682276985952165427', '80973395005310866', '3005764361332488848', '240594592337913255', '6203804937177222683', '2316336188605886581', '4058707544537729860', '2861977060295191285', '1799564689050669230', '3298244697333463544', '8006552230434415469', '8408497124764085484', '8802836192546929673', '1201646265740469544', '7203864386277642028', '5749796608237222669', '4240333693696321702', '0000000000000000001', '0000000000000000002' ]), ('mapreader', 'numLocations=5,maxDistanceApart=3,includeDoors=0,maxDistractorItemsPerLocation=0', 0): ([ 'move west', 'move north', 'take coin', 'move south', 'move east', 'put coin in box' ], [ '3993110345962715057', '6009422220421610623', '4878597192573963320', '604778734950823965', '1481155452609740949', '7374777413847616632', '4417321839042803632', '7019181788849222169', '8498134786215554578', '8124098398288934599', '1626198231316360355', '4704679516445111157', '3617056796340325798', '8215171918554460944', '1446904190557143923' ]), ('mapreader', 'numLocations=11,maxDistanceApart=5,includeDoors=0,maxDistractorItemsPerLocation=0', 3): ([ 'move west', 'move west', 'take coin', 'move east', 'move east', 'put coin in box' ], [ '3947951627410761762', '283258660380061568', '1870450303387860925', '2807704358314194131', '5337096801662248204', '6760118879401073222', '32843386248996301', '937215495643447085', '4406280868945430732', '3458217771120616688', '48112497134389501', '0000000000000000001', '0000000000000000002', '0000000000000000003', '0000000000000000004', '0000000000000000005', '0000000000000000006' ]), ('mapreader', 'numLocations=5,maxDistanceApart=3,includeDoors=0,maxDistractorItemsPerLocation=0', 1): ([ 'move west', 'take coin', 'move east', 'put coin in box' ], [ '6831875721688174626', '9081151164032257644', '7311549184039489284', '3263246152073513619', '7515067575976413309', '8981425136003338963', '3923815140881465669', '4354383365104397559' '0000000000000000001' ]), ('mapreader', 'numLocations=15,maxDistanceApart=8,includeDoors=0,maxDistractorItemsPerLocation=0', 2): ([ 'move west', 'move north', 'move west', 'move north', 'move north', 'take coin', 'move south', 'move south', 'move east', 'move south', 'move east', 'put coin in box' ], [ '74412142839715489', '3271177246458484285', '8905109565102489706', '8432122457692616202', '1625098766089363017', '5648268116837891174', '1374641635580237918', '8159898460082418166', '8470191683047078064', '4758408862944528951', '5039314035607475588', '2421166442468839951', '2947131244389951305', '4306137285896232287', '506251069488926228', '9039744023198510883', '170731482205687004', '2083922395767847378', '3083779422476788176', '8673172123307410235', '8783747948189739657', '3599435492528322901', '4902688818282991222', '55653822220690724', '4336818555134761667', '3181562086360125232', '7602818509613682426', '1427799094963335066', '4097019163083972896', '55376750161643867', '2237682344006532137', '2108757182704501619', '3772693459634179403', '56383673268921249', '5781954226856138013', '2497383244371494502', '6542928875527416279', '2009954841543512983', '0000000000000000001', '0000000000000000002' ]), ('mapreader', 'numLocations=15,maxDistanceApart=8,includeDoors=0,maxDistractorItemsPerLocation=0', 3): ([ 'move east', 'move east', 'move south', 'move south', 'move south', 'move east', 'move south', 'take coin', 'move north', 'move north', 'move west', 'move north', 'move north', 'move west', 'move west', 'put coin in box' ], [ '819663206536857864', '1146383608818077983', '6754812126898388634', '8438200732882954433', '403131949952693770', '627039475406023269', '1975592626355762098', '2184892914021524301', '296398524366795574', '5383424906529327408', '4911421197733660481', '7436410688974358279', '4557670489068756535', '1451454898128784696', '2280698665407494440', '3040932474966437350', '259835115148217151', '4873332534215165801', '2691208887885975545', '7018777917438471643', '2221226458205759385', '7898126990015831593', '9203768191395654316', '3465713432421798564', '138023732270812317', '7867159334532696320', '1012372654637527184', '4951751358524721155', '6064765903207906065', '5129669070228814738', '876694328742900894', '5115276561681210697', '2633286692263361029', '5466589447429297371', '7643410266288259059', '8164898490314869421', '1628243972488163045', '337556194670370094', '5792917843263760746', '6406204146385845377', '898283986327979646', '5147912130525295984', '3417976630679560860', '4783772733905471196', '4988848441135568186', '6523186786961344658', '5620008032820424041', '1791008117051089708', '4565727666854834044', '8976788300579920272', '2176647149184150555', '1339290168992367712' ]), ('coin', 'numLocations=7,includeDoors=1,numDistractorItems=0', 4): ([ 'move west', 'open door to west', 'move west', 'take coin' ], [ '7046142475583137087', '7827583415387306033', '3813541779326046951', '3347214727998506316', '503773367884516012', '5413971694013111156', '3602499002863093176', '578451030584020353', '1678164004245657658', '1865588207962732233' ]), ('coin', 'numLocations=5,includeDoors=1,numDistractorItems=0', 3): ([ 'open door to south', 'move south', 'open door to east', 'move east', 'take coin' ], [ '5808350833824999155', '5547838923142795104', '6105920337188136448', '5616303299581023191', '7170804246628967398', '1455680123783426836', '3774536010951891995', '5059793004304373333', '596888877665257512', '6975853516117242607', '3235702998548932833', '6948565944955367426', '249453566920198257', '2758784565980051553', '4144218494422858860', '5320977637620551497' ]), ('mapreader', 'numLocations=11,maxDistanceApart=5,includeDoors=0,maxDistractorItemsPerLocation=0', 2): ([ 'move east', 'move south', 'move south', 'take coin', 'move north', 'move west', 'move north', 'put coin in box' ], [ '5246161896569605335', '389052852463852503', '4300105984501397184', '4545176357165620465', '3834878996531835497', '6081428046832638433', '9047387626297389087', '4352884037465458480', '3781535739787571704', '3442478404124674415', '6736409126139167182', '8944276451899154363', '397013811736838788', '3080162405753612889', '4248676320339974991', '1311656654505829891', '4974192004597171248', '9213253075563858741', '6803683381006669277', '3468692893596660256', '4199945302276327791', '8815698033526728240', '7810418987331473006', '2335459758643825952', '0000000000000000001', '0000000000000000002' ]), ('mapreader', 'numLocations=8,maxDistanceApart=4,includeDoors=0,maxDistractorItemsPerLocation=0', 0): ([ 'move north', 'move north', 'take coin', 'move south', 'move south', 'put coin in box' ], [ '4774940442955690918', '283321435416122077', '7360902161492913835', '1797414131082699211', '2007833411765958213', '8603829738636046312', '9104625842329046643', '607007825263988506', '1369027890086925956', '3368546518253677987', '5284449386807676498', '0000000000000000001', '0000000000000000002', '0000000000000000003', '0000000000000000004', '0000000000000000005' ]), ('coin', 'numLocations=6,includeDoors=1,numDistractorItems=0', 3): ([ 'move east', 'open door to north', 'move north', 'open door to north', 'move north', 'take coin' ], [ '5524961797667140739', '5730806173443308148', '4682715151068415563', '1008435392882367244', '1846907985332795066', '3203381135605982730', '4617348404066411374', '7709700675465376526', '5144539962663232660', '4424135198731559968', '4525002418113857874', '6252283301175964504', '6841193285504081342', '7272170711188548971', '8555858929185972275', '8679309400152779216', '4659213290788626565', '1300837490093793978', '1976246772018611576', '385873714475303582', '4999273163180031973', '1798565223791059415', '2502823067534835164', '2693482389675421712' ]), ('mapreader', 'numLocations=15,maxDistanceApart=8,includeDoors=0,maxDistractorItemsPerLocation=0', 0): ([ 'move west', 'move north', 'move north', 'move north', 'move east', 'move south', 'take coin', 'move north', 'move west', 'move south', 'move south', 'move south', 'move east', 'put coin in box' ], [ '9004503552217107212', '4880642094611986765', '3969999098434308214', '6026785637580717459', '970918309846500825', '8818989698493869096', '3585581491515516552', '7867861784900442797', '5932048649560054330', '911634385752118147', '6635741583688590813', '1903625876902645885', '3768570332332225350', '5436910705743038010', '5940058619557557980', '6736458962769788158', '8083284236451662702', '3384227634304564987', '2348189431519113425', '2438241596318555984', '7418722778426398373', '7572922898631810749', '7664203246607024273', '3769752764058931707', '4872336461641722364', '4233164816747257698', '1405591597718712084', '2548793306261251137', '4919522715521005576', '9091769264204103872', '2029965441757381458', '5350574808542846914', '8019479815555968910', '2100199345062843126', '3536089400867086470', '6746282317060807488', '4628810214493844140', '1650404820680301993', '6959428464350837320', '6407391791826950527', '7864680120686473420', '969485290116062231', '5531682685053666772', '6484833913706336350', '5163189144959173796', '338062295102721536', '2873606760455849980', '885141646392504056', '3832180405475198695', '6366289320075234603' ]), ('coin', 'numLocations=6,includeDoors=1,numDistractorItems=0', 2): ([ 'move east', 'open door to south', 'move south', 'take coin' ], [ '7741356493555517856', '1435190397129730664', '5157288636930264176', '8657776161387303120', '1323992827477452784', '4582279808949384915', '7020207181936879237', '7164088525047181058', '8075465150940553355', '8178031179769344560', '1601189108377771012', '152520544872040923', '0000000000000000001' ]), ('coin', 'numLocations=5,includeDoors=1,numDistractorItems=0', 4): ([ 'move north', 'open door to west', 'move west', 'take coin' ], [ '2555304362369424509', '8600120527378475873', '5417982985073605877', '8102675200927611660', '1182215608419487962', '4995704740713739011', '644082825169491516', '7021784029531834395', '7512399964629160422', '2273015182075548132', '5381024931955750427', '2729656034009382883', '6770356710947880501', '7718222202088541360', '8462927589877285549' ]), ('coin', 'numLocations=10,includeDoors=1,numDistractorItems=0', 3): ([ 'move east', 'open door to south', 'move south', 'take coin' ], [ '8925781481976834312', '760109494005608227', '4101440613668391206', '5985989278529498702', '1232912514431698298', '1610818691976098274', '2029492058130994078', '509860493748998602', '5314269116912899075', '5782871701842007291', '6589059415200283215', '3646460704545442535', '2323226410584509660', '0000000000000000001' ]), ('mapreader', 'numLocations=5,maxDistanceApart=3,includeDoors=0,maxDistractorItemsPerLocation=0', 3): ([ 'move north', 'move west', 'take coin', 'move east', 'move south', 'put coin in box' ], [ '1948860466081925177', '1969584766237223774', '2859938741037583739', '6003548262469528704', '29799242559409425', '3534804650226580036', '3035653154158520626', '353704899677997045', '7724779375227097791', '3942683389636152777', '4672550783414671508', '9204102920221071681', '2903304731066909315', '48801935744853897', '1851978561628052211', '0000000000000000001' ]), ('coin', 'numLocations=6,includeDoors=1,numDistractorItems=0', 0): ([ 'move east', 'open door to north', 'move north', 'take coin' ], [ '1756350467653046980', '4375049857362498870', '2804036219695271453', '7326157470637146059', '1353989425094889894', '1989594934930849599', '6767637264565556661', '68338035706658473', '9212662723674412018', '1437794958267909866', '8129394309296632502', '111727931834126643', '1688828931632313966', '3562548382186720938' ]), ('coin', 'numLocations=7,includeDoors=1,numDistractorItems=0', 2): ([ 'move east', 'open door to north', 'move north', 'take coin' ], [ '1804606779407353578', '7085556704749116452', '3551692859573628913', '5059916096075957520', '2844223101387191873', '163480414086176693', '4746623447904923086', '5716222819261481133', '8303378810350311228', '4052191059652869754', '7762820975668473901', '4117549480125792704', '2178311219473899943', '4884240170767342958', '6788737788667914749', '71890838208733060', '7278230808217429618', '3914578884654144765', '7539268580540998884' ]), ('mapreader', 'numLocations=8,maxDistanceApart=4,includeDoors=0,maxDistractorItemsPerLocation=0', 3): ([ 'move north', 'take coin', 'move south', 'put coin in box' ], [ '7974385339077285693', '6208734424417356221', '2278313318470398853', '267503076704330953', '7457909613495750504', '7762456534228870966', '2840585449518846690', '2900415936105239112', '0000000000000000001' ]), ('coin', 'numLocations=5,includeDoors=1,numDistractorItems=0', 0): ([ 'take coin' ], [ '545289667275045926', '2769398708246803122' ]), ('coin', 'numLocations=5,includeDoors=1,numDistractorItems=0', 2): ([ 'take coin' ], [ '7725085277310925896', '2260259017518904108', '3663654359325209131', '4905237855422059635' ]), ('mapreader', 'numLocations=5,maxDistanceApart=3,includeDoors=0,maxDistractorItemsPerLocation=0', 4): ([ 'move south', 'move east', 'take coin', 'move west', 'move north', 'put coin in box' ], [ '7394175437046721655', '3025906588830093420', '6182681077981154212', '9038775284765148190', '5534583521146078797', '3414087963800175533', '3874452917476652184', '4941932853623095245', '995788656715082651', '4848144088839052674', '7393003809811285045', '3401172454744681933', '2965008463764830233', '1253949387433840920', '547014505498516109', '5599425678773508099', '7116966484602659774' ]), ('coin', 'numLocations=5,includeDoors=1,numDistractorItems=0', 1): ([ 'open door to west', 'move west', 'take coin' ], [ '4217935318454807278', '2091434847216547580', '3447556117120536113', '6663456584361128097', '1842277941924157537' ]), ('coin', 'numLocations=10,includeDoors=1,numDistractorItems=0', 1): ([ 'open door to west', 'move west', 'move north', 'take coin' ], [ '4999697483417826871', '1424871225918285550', '8658734401061414289', '141661861404033997', '3138712906461882352', '7166489614367810064', '1007153649125394757', '0000000000000000001' ]), ('coin', 'numLocations=7,includeDoors=1,numDistractorItems=0', 1): ([ 'open door to east', 'move east', 'open door to east', 'move east', 'open door to east', 'move east', 'take coin' ], [ '2336219411370922783', '4018514625166792552', '6720114916317139470', '9150871540445843349', '5601342691946405069', '1525455206895247166', '1813977158818292198', '3170212382454994525', '4206579761007702290', '4318583922945589268', '6941220856964643145', '8534598962957089432', '3452283175311814211', '8850837696236783949', '786180501610524912', '1001170843885313447', '11553636600017345', '1519166580878314425', '1850524844196231866', '2570152311401827472', '306541961262919548', '2862158013404893711', '3701546263116358804', '4306240836847670211', '5375201442390327253', '5616199248753149019', '6216695994431316323', '1923010794977670161', '6743206781627183605', '4185322871820505240', '7225596402180468199', '7312181530175649488', '8813239339543446687', '8868692312374341039', '9035377230689064519', '9157533317973869840', '1377595183581225676', '1816762546687345998', '340831774502923497', '8401228597697843066', '918894777692946163', '3928535332786150034', '6445179608949901526', '115120755453020524', '1495286142372037828', '1941956715917255235', '2129405538024455143', '231718915967809441', '2380469221429172910', '2386706402513999316', '2880710427969854376', '2893689730728660022', '3178369338506012241', '3438978774009977482', '3518694040298666898', '3631252692563110125', '3761237210367001492', '381050666739666712', '4281824336666906408', '4368015699456407524', '1329123948252730906', '4579624189672637130', '4835387761338355812', '503446277438610380', '5199206899408824029', '2885618597998714372', '5246326761745642856', '5422818429721433310', '1570284429335067053', '5782649300899625545', '5207048598223200405', '5841970062461937266' ]), ('mapreader', 'numLocations=5,maxDistanceApart=3,includeDoors=0,maxDistractorItemsPerLocation=0', 2): ([ 'move east', 'move south', 'take coin', 'move north', 'move west', 'put coin in box' ], [ '2226750544973865832', '5665000903192909555', '6548122274355955329', '297781355585197295', '1018122779180782647', '7102825634114360212', '8167804014757816364', '1331031310421356435', '6357664941140922543', '7381554576754370092', '1802871359280789253', '546264571176620237', '1738025236558332628', '2897644906301842216', '4493673259475312309', '70763346956629673' ]), ('coin', 'numLocations=6,includeDoors=1,numDistractorItems=0', 1): ([ 'open door to west', 'move west', 'take coin' ], [ '4488270507863952860', '3792376998939647166', '7442023454092564895', '8190727880057998525', '2976290950003757756', '5769927385269808943', '7186671517286270124', '7259105301577883245' ]), ('mapreader', 'numLocations=11,maxDistanceApart=5,includeDoors=0,maxDistractorItemsPerLocation=0', 0): ([ 'move east', 'move north', 'move north', 'move east', 'take coin', 'move west', 'move south', 'move south', 'move west', 'put coin in box' ], [ '6821676220897427723', '4495860564327045436', '5586722893650462818', '3888654777882044373', '2195340934917942193', '1694519766816182526', '779680243360067850', '7960374798304838594', '8209794527915757105', '219835089746634443', '7188218148991069082', '8614677683673505960', '1438904299906728031', '3432065747522509343', '4332408267091441723', '5109044380783059105', '7478374865448865702', '1268379969863351204', '7172017158380144961', '4420742745605769470', '2499990341869926102', '4016200452527123198', '6659556477628391932', '4562287485207079269', '6448532099631836728', '5132548040533224453', '8192118149537121719', '8203178727293978273', '4540267311066750128', '8846129839161144991', '340768920267239449', '5517060085829861882', '6357437744623219462', '7408392316919194545' ]), ('coin', 'numLocations=10,includeDoors=1,numDistractorItems=0', 0): ([ 'take coin' ], [ '511960801990812166', '3471293822146554141', '4271547922315215726' ]), ('coin', 'numLocations=10,includeDoors=1,numDistractorItems=0', 2): ([ 'move north', 'open door to west', 'move west', 'take coin' ], [ '6220905860443164791', '4324223770852947421', '8775833842263174725', '3968045064662668605', '718602374896348491', '4357946120957470095', '8199608712654010351', '273574749909190684', '503827251304163067', '513566323931324184', '5518979813860774570', '0000000000000000001' ]) }